]0;~/Dropbox/projects/sailing/2018_GPYCBlueNose[?1034hMacBook-Pro:2018_GPYCBlueNose adamwarmack$ [KMacBook-Pro:2018_GPYCBlueNose adamwarmack$ git statu
git: 'statu' is not a git command. See 'git --help'.

The most similar commands are
	status
	stage
	stash
]0;~/Dropbox/projects/sailing/2018_GPYCBlueNoseMacBook-Pro:2018_GPYCBlueNose adamwarmack$ git status
fatal: not a git repository (or any of the parent directories): .git
]0;~/Dropbox/projects/sailing/2018_GPYCBlueNoseMacBook-Pro:2018_GPYCBlueNose adamwarmack$ git remote add origin https://github.com/awa rmack/2018_GPYCBluenose.git
fatal: not a git repository (or any of the parent directories): .git
]0;~/Dropbox/projects/sailing/2018_GPYCBlueNoseMacBook-Pro:2018_GPYCBlueNose adamwarmack$ git push -u origin master[K[K
fatal: not a git repository (or any of the parent directories): .git
]0;~/Dropbox/projects/sailing/2018_GPYCBlueNoseMacBook-Pro:2018_GPYCBlueNose adamwarmack$ git remote add origin https://github.com/awa rmack/2018_GPYCBluenose.git
fatal: not a git repository (or any of the parent directories): .git
]0;~/Dropbox/projects/sailing/2018_GPYCBlueNoseMacBook-Pro:2018_GPYCBlueNose adamwarmack$ git init
Initialized empty Git repository in /Users/adamwarmack/Dropbox/projects/sailing/2018_GPYCBlueNose/.git/
]0;~/Dropbox/projects/sailing/2018_GPYCBlueNoseMacBook-Pro:2018_GPYCBlueNose adamwarmack$ git remote add origin https://github.com/awa rmack/2018_GPYCBluenose.git
]0;~/Dropbox/projects/sailing/2018_GPYCBlueNoseMacBook-Pro:2018_GPYCBlueNose adamwarmack$ git push -u origin master
error: src refspec master does not match any.
error: failed to push some refs to 'https://github.com/awarmack/2018_GPYCBluenose.git'
]0;~/Dropbox/projects/sailing/2018_GPYCBlueNoseMacBook-Pro:2018_GPYCBlueNose adamwarmack$ git push
fatal: The current branch master has no upstream branch.
To push the current branch and set the remote as upstream, use

    git push --set-upstream origin master

]0;~/Dropbox/projects/sailing/2018_GPYCBlueNoseMacBook-Pro:2018_GPYCBlueNose adamwarmack$ git push --set-upstream origin master
error: src refspec master does not match any.
error: failed to push some refs to 'https://github.com/awarmack/2018_GPYCBluenose.git'
]0;~/Dropbox/projects/sailing/2018_GPYCBlueNoseMacBook-Pro:2018_GPYCBlueNose adamwarmack$ sg[K[Kgit status
On branch master

No commits yet

Untracked files:
  (use "git add <file>..." to include in what will be committed)

	[31m.DS_Store[m
	[31m.Rproj.user/[m
	[31m2018_GPYCBlueNose.Rproj[m
	[31mdocs/[m
	[31mraw_data/[m
	[31mshinyapp/[m
	[31msrc/[m

nothing added to commit but untracked files present (use "git add" to track)
]0;~/Dropbox/projects/sailing/2018_GPYCBlueNoseMacBook-Pro:2018_GPYCBlueNose adamwarmack$ git -[KAdd -A
fatal: cannot handle Add as a builtin
]0;~/Dropbox/projects/sailing/2018_GPYCBlueNoseMacBook-Pro:2018_GPYCBlueNose adamwarmack$ git status
On branch master

No commits yet

Untracked files:
  (use "git add <file>..." to include in what will be committed)

	[31m.DS_Store[m
	[31m.Rproj.user/[m
	[31m2018_GPYCBlueNose.Rproj[m
	[31mdocs/[m
	[31mraw_data/[m
	[31mshinyapp/[m
	[31msrc/[m

nothing added to commit but untracked files present (use "git add" to track)
]0;~/Dropbox/projects/sailing/2018_GPYCBlueNoseMacBook-Pro:2018_GPYCBlueNose adamwarmack$ git add -A
]0;~/Dropbox/projects/sailing/2018_GPYCBlueNoseMacBook-Pro:2018_GPYCBlueNose adamwarmack$ git [K[K[K[Kgit add -AstatusAdd -Astatuspush --set-upstream origin master
error: src refspec master does not match any.
error: failed to push some refs to 'https://github.com/awarmack/2018_GPYCBluenose.git'
]0;~/Dropbox/projects/sailing/2018_GPYCBlueNoseMacBook-Pro:2018_GPYCBlueNose adamwarmack$ git commit -m "Initial commit [K"
[master (root-commit) 745882f] Initial commit
 66 files changed, 47955 insertions(+)
 create mode 100644 .DS_Store
 create mode 100644 .Rproj.user/119A20AA/console06/B14A2F50
 create mode 100644 .Rproj.user/119A20AA/console06/B14A2F50.env
 create mode 100644 .Rproj.user/119A20AA/console06/INDEX001
 create mode 100644 .Rproj.user/119A20AA/sources/prop/759E3A5F
 create mode 100644 .Rproj.user/119A20AA/sources/prop/B0B98382
 create mode 100644 .Rproj.user/119A20AA/sources/prop/INDEX
 create mode 100644 .Rproj.user/119A20AA/sources/s-E7F6EEC8/512A0DF
 create mode 100644 .Rproj.user/119A20AA/sources/s-E7F6EEC8/512A0DF-contents
 create mode 100644 .Rproj.user/119A20AA/sources/s-E7F6EEC8/7CFFE0D2
 create mode 100644 .Rproj.user/119A20AA/sources/s-E7F6EEC8/7CFFE0D2-contents
 create mode 100644 .Rproj.user/119A20AA/sources/s-E7F6EEC8/9DDE18F4-contents
 create mode 100644 .Rproj.user/119A20AA/sources/s-E7F6EEC8/FF81B231
 create mode 100644 .Rproj.user/119A20AA/sources/s-E7F6EEC8/FF81B231-contents
 create mode 100644 .Rproj.user/119A20AA/sources/s-E7F6EEC8/lock_file
 create mode 100644 .Rproj.user/shared/notebooks/F51A26C5-readme/1/119A20AAE7F6EEC8/chunks.json
 create mode 100644 .Rproj.user/shared/notebooks/F51A26C5-readme/1/s/c2r25tv4320t4/000002.csv
 create mode 100644 .Rproj.user/shared/notebooks/F51A26C5-readme/1/s/c554pyvthysbq/000002.csv
 create mode 100644 .Rproj.user/shared/notebooks/F51A26C5-readme/1/s/c554pyvthysbq/000003.metadata
 create mode 100644 .Rproj.user/shared/notebooks/F51A26C5-readme/1/s/c554pyvthysbq/000003.png
 create mode 100644 .Rproj.user/shared/notebooks/F51A26C5-readme/1/s/c554pyvthysbq/000003.snapshot
 create mode 100644 .Rproj.user/shared/notebooks/F51A26C5-readme/1/s/c554pyvthysbq/000004.csv
 create mode 100644 .Rproj.user/shared/notebooks/F51A26C5-readme/1/s/c6wes0sl0sqrm/000002.csv
 create mode 100644 .Rproj.user/shared/notebooks/F51A26C5-readme/1/s/c7kijbt9w4h8y/000002.csv
 create mode 100644 .Rproj.user/shared/notebooks/F51A26C5-readme/1/s/c7kijbt9w4h8y/000003.metadata
 create mode 100644 .Rproj.user/shared/notebooks/F51A26C5-readme/1/s/c7kijbt9w4h8y/000003.png
 create mode 100644 .Rproj.user/shared/notebooks/F51A26C5-readme/1/s/c7kijbt9w4h8y/000003.snapshot
 create mode 100644 .Rproj.user/shared/notebooks/F51A26C5-readme/1/s/c7kijbt9w4h8y/000004.csv
 create mode 100644 .Rproj.user/shared/notebooks/F51A26C5-readme/1/s/cbhba7c0jmhi8/000002.csv
 create mode 100644 .Rproj.user/shared/notebooks/F51A26C5-readme/1/s/chunks.json
 create mode 100644 .Rproj.user/shared/notebooks/F51A26C5-readme/1/s/co2x0pbhs3trf/000002.csv
 create mode 100644 .Rproj.user/shared/notebooks/F51A26C5-readme/1/s/cosz10jr8xoth/000002.csv
 create mode 100644 .Rproj.user/shared/notebooks/F51A26C5-readme/1/s/cso3beq9eat3h/000002.csv
 create mode 100644 .Rproj.user/shared/notebooks/F51A26C5-readme/1/s/cso3beq9eat3h/000003.metadata
 create mode 100644 .Rproj.user/shared/notebooks/F51A26C5-readme/1/s/cso3beq9eat3h/000003.png
 create mode 100644 .Rproj.user/shared/notebooks/F51A26C5-readme/1/s/cso3beq9eat3h/000003.snapshot
 create mode 100644 .Rproj.user/shared/notebooks/F51A26C5-readme/1/s/ctr200nwxeuna/000004.csv
 create mode 100644 .Rproj.user/shared/notebooks/F51A26C5-readme/1/s/cv7tj6qnwq915/000002.csv
 create mode 100644 .Rproj.user/shared/notebooks/F51A26C5-readme/1/s/cv7tj6qnwq915/000003.metadata
 create mode 100644 .Rproj.user/shared/notebooks/F51A26C5-readme/1/s/cv7tj6qnwq915/000003.png
 create mode 100644 .Rproj.user/shared/notebooks/F51A26C5-readme/1/s/cv7tj6qnwq915/000003.snapshot
 create mode 100644 .Rproj.user/shared/notebooks/F51A26C5-readme/1/s/cv7tj6qnwq915/000004.csv
 create mode 100644 .Rproj.user/shared/notebooks/F51A26C5-readme/1/s/cv7tj6qnwq915/000005.metadata
 create mode 100644 .Rproj.user/shared/notebooks/F51A26C5-readme/1/s/cv7tj6qnwq915/000005.png
 create mode 100644 .Rproj.user/shared/notebooks/F51A26C5-readme/1/s/cv7tj6qnwq915/000005.snapshot
 create mode 100644 .Rproj.user/shared/notebooks/F51A26C5-readme/1/s/czhljt3qotuag/000002.csv
 create mode 100644 .Rproj.user/shared/notebooks/F51A26C5-readme/1/s/czhljt3qotuag/000003.metadata
 create mode 100644 .Rproj.user/shared/notebooks/F51A26C5-readme/1/s/czhljt3qotuag/000003.png
 create mode 100644 .Rproj.user/shared/notebooks/F51A26C5-readme/1/s/czhljt3qotuag/000003.snapshot
 create mode 100644 .Rproj.user/shared/notebooks/F51A26C5-readme/1/s/czhljt3qotuag/000004.csv
 create mode 100644 .Rproj.user/shared/notebooks/patch-chunk-names
 create mode 100644 .Rproj.user/shared/notebooks/paths
 create mode 100644 2018_GPYCBlueNose.Rproj
 create mode 100644 docs/.DS_Store
 create mode 100644 docs/readme.Rmd
 create mode 100644 raw_data/.DS_Store
 create mode 100755 raw_data/exp_log.csv
 create mode 100644 raw_data/polarmodel.rda
 create mode 100644 shinyapp/.DS_Store
 create mode 100644 shinyapp/app.R
 create mode 100644 shinyapp/expdat.rda
 create mode 100644 shinyapp/rsconnect/shinyapps.io/awarmack/2018_BYCLongDistance.dcf
 create mode 100644 shinyapp/rsconnect/shinyapps.io/awarmack/2018_GPYCBluenose.dcf
 create mode 100644 src/loadExp.R
 create mode 100644 src/optimalPerformanceFunctions.R
 create mode 100644 src/parseNMEA.R
]0;~/Dropbox/projects/sailing/2018_GPYCBlueNoseMacBook-Pro:2018_GPYCBlueNose adamwarmack$ git [K[K[K[Kgit commit -m "Initial commit"push --set-upstream origin master
Counting objects: 89, done.
Delta compression using up to 8 threads.
Compressing objects:   1% (1/75)   Compressing objects:   2% (2/75)   Compressing objects:   4% (3/75)   Compressing objects:   5% (4/75)   Compressing objects:   6% (5/75)   Compressing objects:   8% (6/75)   Compressing objects:   9% (7/75)   Compressing objects:  10% (8/75)   Compressing objects:  12% (9/75)   Compressing objects:  13% (10/75)   Compressing objects:  14% (11/75)   Compressing objects:  16% (12/75)   Compressing objects:  17% (13/75)   Compressing objects:  18% (14/75)   Compressing objects:  20% (15/75)   Compressing objects:  21% (16/75)   Compressing objects:  22% (17/75)   Compressing objects:  24% (18/75)   Compressing objects:  25% (19/75)   Compressing objects:  26% (20/75)   Compressing objects:  28% (21/75)   Compressing objects:  29% (22/75)   Compressing objects:  30% (23/75)   Compressing objects:  32% (24/75)   Compressing objects:  33% (25/75)   Compressing objects:  34% (26/75)   Compressing objects:  36% (27/75)   Compressing objects:  37% (28/75)   Compressing objects:  38% (29/75)   Compressing objects:  40% (30/75)   Compressing objects:  41% (31/75)   Compressing objects:  42% (32/75)   Compressing objects:  44% (33/75)   Compressing objects:  45% (34/75)   Compressing objects:  46% (35/75)   Compressing objects:  48% (36/75)   Compressing objects:  49% (37/75)   Compressing objects:  50% (38/75)   Compressing objects:  52% (39/75)   Compressing objects:  53% (40/75)   Compressing objects:  54% (41/75)   Compressing objects:  56% (42/75)   Compressing objects:  57% (43/75)   Compressing objects:  58% (44/75)   Compressing objects:  60% (45/75)   Compressing objects:  61% (46/75)   Compressing objects:  62% (47/75)   Compressing objects:  64% (48/75)   Compressing objects:  65% (49/75)   Compressing objects:  66% (50/75)   Compressing objects:  68% (51/75)   Compressing objects:  69% (52/75)   Compressing objects:  70% (53/75)   Compressing objects:  72% (54/75)   Compressing objects:  73% (55/75)   Compressing objects:  74% (56/75)   Compressing objects:  76% (57/75)   Compressing objects:  77% (58/75)   Compressing objects:  78% (59/75)   Compressing objects:  80% (60/75)   Compressing objects:  81% (61/75)   Compressing objects:  82% (62/75)   Compressing objects:  84% (63/75)   Compressing objects:  85% (64/75)   Compressing objects:  86% (65/75)   Compressing objects:  88% (66/75)   Compressing objects:  89% (67/75)   Compressing objects:  90% (68/75)   Compressing objects:  92% (69/75)   Compressing objects:  93% (70/75)   Compressing objects:  94% (71/75)   Compressing objects:  96% (72/75)   Compressing objects:  97% (73/75)   Compressing objects:  98% (74/75)   Compressing objects: 100% (75/75)   Compressing objects: 100% (75/75), done.
Writing objects:   1% (1/89)   Writing objects:   2% (2/89)   Writing objects:   4% (4/89)   Writing objects:   5% (5/89)   Writing objects:   6% (6/89)   Writing objects:   7% (7/89)   Writing objects:   8% (8/89)   Writing objects:  10% (9/89)   Writing objects:  11% (10/89)   Writing objects:  12% (11/89)   Writing objects:  13% (12/89)   Writing objects:  14% (13/89)   Writing objects:  15% (14/89)   Writing objects:  16% (15/89)   Writing objects:  17% (16/89)   Writing objects:  19% (17/89)   Writing objects:  20% (18/89)   Writing objects:  21% (19/89)   Writing objects:  22% (20/89)   Writing objects:  23% (21/89)   Writing objects:  24% (22/89)   Writing objects:  25% (23/89)   Writing objects:  26% (24/89)   Writing objects:  28% (25/89)   Writing objects:  29% (26/89)   Writing objects:  30% (27/89)   Writing objects:  31% (28/89)   Writing objects:  32% (29/89)   Writing objects:  33% (30/89)   Writing objects:  34% (31/89)   Writing objects:  35% (32/89)   Writing objects:  37% (33/89)   Writing objects:  39% (35/89)   Writing objects:  40% (36/89)   Writing objects:  41% (37/89)   Writing objects:  42% (38/89)   Writing objects:  43% (39/89)   Writing objects:  44% (40/89)   Writing objects:  46% (41/89)   Writing objects:  47% (42/89)   Writing objects:  48% (43/89)   Writing objects:  49% (44/89)   Writing objects:  50% (45/89)   Writing objects:  51% (46/89)   Writing objects:  52% (47/89)   Writing objects:  53% (48/89)   Writing objects:  55% (49/89)   Writing objects:  56% (50/89)   Writing objects:  57% (51/89)   Writing objects:  58% (52/89)   Writing objects:  59% (53/89)   Writing objects:  60% (54/89)   Writing objects:  61% (55/89)   Writing objects:  62% (56/89)   Writing objects:  64% (57/89)   Writing objects:  65% (58/89)   Writing objects:  66% (59/89)   Writing objects:  67% (60/89)   Writing objects:  68% (61/89)   Writing objects:  69% (62/89)   Writing objects:  70% (63/89)   Writing objects:  71% (64/89)   Writing objects:  73% (65/89), 1.08 MiB | 1.49 MiB/s   Writing objects:  74% (66/89), 1.08 MiB | 1.49 MiB/s   Writing objects:  75% (67/89), 1.08 MiB | 1.49 MiB/s   Writing objects:  76% (68/89), 1.08 MiB | 1.49 MiB/s   Writing objects:  77% (69/89), 1.08 MiB | 1.49 MiB/s   Writing objects:  78% (70/89), 1.08 MiB | 1.49 MiB/s   Writing objects:  79% (71/89), 1.08 MiB | 1.49 MiB/s   Writing objects:  80% (72/89), 1.08 MiB | 1.49 MiB/s   Writing objects:  82% (73/89), 1.08 MiB | 1.49 MiB/s   Writing objects:  83% (74/89), 1.08 MiB | 1.49 MiB/s   Writing objects:  84% (75/89), 1.08 MiB | 1.49 MiB/s   Writing objects:  85% (76/89), 1.08 MiB | 1.49 MiB/s   Writing objects:  85% (76/89), 2.20 MiB | 1.39 MiB/s   Writing objects:  86% (77/89), 2.20 MiB | 1.39 MiB/s   Writing objects:  87% (78/89), 2.20 MiB | 1.39 MiB/s   Writing objects:  88% (79/89), 2.20 MiB | 1.39 MiB/s   Writing objects:  89% (80/89), 2.20 MiB | 1.39 MiB/s   Writing objects:  91% (81/89), 2.20 MiB | 1.39 MiB/s   Writing objects:  92% (82/89), 2.20 MiB | 1.39 MiB/s   Writing objects:  93% (83/89), 2.20 MiB | 1.39 MiB/s   Writing objects:  94% (84/89), 2.20 MiB | 1.39 MiB/s   Writing objects:  95% (85/89), 2.20 MiB | 1.39 MiB/s   Writing objects:  96% (86/89), 2.20 MiB | 1.39 MiB/s   Writing objects:  97% (87/89), 2.20 MiB | 1.39 MiB/s   Writing objects:  98% (88/89), 2.20 MiB | 1.39 MiB/s   Writing objects: 100% (89/89), 2.20 MiB | 1.39 MiB/s   Writing objects: 100% (89/89), 3.08 MiB | 1.62 MiB/s, done.
Total 89 (delta 5), reused 0 (delta 0)
remote: Resolving deltas:   0% (0/5)   [Kremote: Resolving deltas:  20% (1/5)   [Kremote: Resolving deltas:  40% (2/5)   [Kremote: Resolving deltas: 100% (5/5)   [Kremote: Resolving deltas: 100% (5/5), done.[K
remote: 
remote: Create a pull request for 'master' on GitHub by visiting:[K
remote:      https://github.com/awarmack/2018_GPYCBluenose/pull/new/master[K
remote: 
To https://github.com/awarmack/2018_GPYCBluenose.git
 * [new branch]      master -> master
Branch 'master' set up to track remote branch 'master' from 'origin'.
]0;~/Dropbox/projects/sailing/2018_GPYCBlueNoseMacBook-Pro:2018_GPYCBlueNose adamwarmack$ git status
On branch master
Your branch is up to date with 'origin/master'.

Changes not staged for commit:
  (use "git add/rm <file>..." to update what will be committed)
  (use "git checkout -- <file>..." to discard changes in working directory)

	[31mmodified:   .DS_Store[m
	[31mmodified:   .Rproj.user/119A20AA/console06/B14A2F50[m
	[31mmodified:   .Rproj.user/119A20AA/sources/prop/759E3A5F[m
	[31mmodified:   .Rproj.user/119A20AA/sources/prop/B0B98382[m
	[31mmodified:   .Rproj.user/119A20AA/sources/prop/INDEX[m
	[31mmodified:   .Rproj.user/119A20AA/sources/s-E7F6EEC8/512A0DF[m
	[31mmodified:   .Rproj.user/119A20AA/sources/s-E7F6EEC8/7CFFE0D2[m
	[31mmodified:   .Rproj.user/119A20AA/sources/s-E7F6EEC8/7CFFE0D2-contents[m
	[31mmodified:   .Rproj.user/119A20AA/sources/s-E7F6EEC8/FF81B231[m
	[31mmodified:   .Rproj.user/119A20AA/sources/s-E7F6EEC8/FF81B231-contents[m
	[31mmodified:   .Rproj.user/shared/notebooks/F51A26C5-readme/1/119A20AAE7F6EEC8/chunks.json[m
	[31mdeleted:    .Rproj.user/shared/notebooks/F51A26C5-readme/1/s/c554pyvthysbq/000002.csv[m
	[31mdeleted:    .Rproj.user/shared/notebooks/F51A26C5-readme/1/s/c554pyvthysbq/000003.metadata[m
	[31mdeleted:    .Rproj.user/shared/notebooks/F51A26C5-readme/1/s/c554pyvthysbq/000003.png[m
	[31mdeleted:    .Rproj.user/shared/notebooks/F51A26C5-readme/1/s/c554pyvthysbq/000003.snapshot[m
	[31mdeleted:    .Rproj.user/shared/notebooks/F51A26C5-readme/1/s/c554pyvthysbq/000004.csv[m
	[31mdeleted:    .Rproj.user/shared/notebooks/F51A26C5-readme/1/s/c7kijbt9w4h8y/000002.csv[m
	[31mdeleted:    .Rproj.user/shared/notebooks/F51A26C5-readme/1/s/c7kijbt9w4h8y/000003.metadata[m
	[31mdeleted:    .Rproj.user/shared/notebooks/F51A26C5-readme/1/s/c7kijbt9w4h8y/000003.png[m
	[31mdeleted:    .Rproj.user/shared/notebooks/F51A26C5-readme/1/s/c7kijbt9w4h8y/000003.snapshot[m
	[31mdeleted:    .Rproj.user/shared/notebooks/F51A26C5-readme/1/s/c7kijbt9w4h8y/000004.csv[m
	[31mmodified:   .Rproj.user/shared/notebooks/F51A26C5-readme/1/s/chunks.json[m
	[31mmodified:   .Rproj.user/shared/notebooks/F51A26C5-readme/1/s/co2x0pbhs3trf/000002.csv[m
	[31mmodified:   .Rproj.user/shared/notebooks/F51A26C5-readme/1/s/cosz10jr8xoth/000002.csv[m
	[31mdeleted:    .Rproj.user/shared/notebooks/F51A26C5-readme/1/s/cso3beq9eat3h/000002.csv[m
	[31mdeleted:    .Rproj.user/shared/notebooks/F51A26C5-readme/1/s/cso3beq9eat3h/000003.metadata[m
	[31mdeleted:    .Rproj.user/shared/notebooks/F51A26C5-readme/1/s/cso3beq9eat3h/000003.png[m
	[31mdeleted:    .Rproj.user/shared/notebooks/F51A26C5-readme/1/s/cso3beq9eat3h/000003.snapshot[m
	[31mdeleted:    .Rproj.user/shared/notebooks/F51A26C5-readme/1/s/cv7tj6qnwq915/000002.csv[m
	[31mdeleted:    .Rproj.user/shared/notebooks/F51A26C5-readme/1/s/cv7tj6qnwq915/000003.metadata[m
	[31mdeleted:    .Rproj.user/shared/notebooks/F51A26C5-readme/1/s/cv7tj6qnwq915/000003.png[m
	[31mdeleted:    .Rproj.user/shared/notebooks/F51A26C5-readme/1/s/cv7tj6qnwq915/000003.snapshot[m
	[31mdeleted:    .Rproj.user/shared/notebooks/F51A26C5-readme/1/s/cv7tj6qnwq915/000004.csv[m
	[31mdeleted:    .Rproj.user/shared/notebooks/F51A26C5-readme/1/s/cv7tj6qnwq915/000005.metadata[m
	[31mdeleted:    .Rproj.user/shared/notebooks/F51A26C5-readme/1/s/cv7tj6qnwq915/000005.png[m
	[31mdeleted:    .Rproj.user/shared/notebooks/F51A26C5-readme/1/s/cv7tj6qnwq915/000005.snapshot[m
	[31mdeleted:    .Rproj.user/shared/notebooks/F51A26C5-readme/1/s/czhljt3qotuag/000002.csv[m
	[31mdeleted:    .Rproj.user/shared/notebooks/F51A26C5-readme/1/s/czhljt3qotuag/000003.metadata[m
	[31mdeleted:    .Rproj.user/shared/notebooks/F51A26C5-readme/1/s/czhljt3qotuag/000003.png[m
	[31mdeleted:    .Rproj.user/shared/notebooks/F51A26C5-readme/1/s/czhljt3qotuag/000003.snapshot[m
	[31mdeleted:    .Rproj.user/shared/notebooks/F51A26C5-readme/1/s/czhljt3qotuag/000004.csv[m
	[31mmodified:   docs/readme.Rmd[m
	[31mmodified:   shinyapp/app.R[m
	[31mmodified:   shinyapp/expdat.rda[m
	[31mmodified:   shinyapp/rsconnect/shinyapps.io/awarmack/2018_GPYCBluenose.dcf[m

Untracked files:
  (use "git add <file>..." to include in what will be committed)

	[31m.Rproj.user/119A20AA/sources/prop/A6A722A[m
	[31m.Rproj.user/119A20AA/sources/s-E7F6EEC8/FF168031[m
	[31m.Rproj.user/119A20AA/sources/s-E7F6EEC8/FF168031-contents[m
	[31m.Rproj.user/shared/notebooks/F51A26C5-readme/1/s/c554pyvthysbq/000008.csv[m
	[31m.Rproj.user/shared/notebooks/F51A26C5-readme/1/s/c554pyvthysbq/000009.metadata[m
	[31m.Rproj.user/shared/notebooks/F51A26C5-readme/1/s/c554pyvthysbq/000009.png[m
	[31m.Rproj.user/shared/notebooks/F51A26C5-readme/1/s/c554pyvthysbq/000009.snapshot[m
	[31m.Rproj.user/shared/notebooks/F51A26C5-readme/1/s/c554pyvthysbq/00000a.csv[m
	[31m.Rproj.user/shared/notebooks/F51A26C5-readme/1/s/c7kijbt9w4h8y/000008.csv[m
	[31m.Rproj.user/shared/notebooks/F51A26C5-readme/1/s/c7kijbt9w4h8y/000009.metadata[m
	[31m.Rproj.user/shared/notebooks/F51A26C5-readme/1/s/c7kijbt9w4h8y/000009.png[m
	[31m.Rproj.user/shared/notebooks/F51A26C5-readme/1/s/c7kijbt9w4h8y/000009.snapshot[m
	[31m.Rproj.user/shared/notebooks/F51A26C5-readme/1/s/c7kijbt9w4h8y/00000a.csv[m
	[31m.Rproj.user/shared/notebooks/F51A26C5-readme/1/s/cc986runry94z/[m
	[31m.Rproj.user/shared/notebooks/F51A26C5-readme/1/s/cso3beq9eat3h/000008.csv[m
	[31m.Rproj.user/shared/notebooks/F51A26C5-readme/1/s/cso3beq9eat3h/000009.metadata[m
	[31m.Rproj.user/shared/notebooks/F51A26C5-readme/1/s/cso3beq9eat3h/000009.png[m
	[31m.Rproj.user/shared/notebooks/F51A26C5-readme/1/s/cso3beq9eat3h/000009.snapshot[m
	[31m.Rproj.user/shared/notebooks/F51A26C5-readme/1/s/cv7tj6qnwq915/00000e.csv[m
	[31m.Rproj.user/shared/notebooks/F51A26C5-readme/1/s/cv7tj6qnwq915/00000f.metadata[m
	[31m.Rproj.user/shared/notebooks/F51A26C5-readme/1/s/cv7tj6qnwq915/00000f.png[m
	[31m.Rproj.user/shared/notebooks/F51A26C5-readme/1/s/cv7tj6qnwq915/00000f.snapshot[m
	[31m.Rproj.user/shared/notebooks/F51A26C5-readme/1/s/cv7tj6qnwq915/000010.csv[m
	[31m.Rproj.user/shared/notebooks/F51A26C5-readme/1/s/cv7tj6qnwq915/000011.metadata[m
	[31m.Rproj.user/shared/notebooks/F51A26C5-readme/1/s/cv7tj6qnwq915/000011.png[m
	[31m.Rproj.user/shared/notebooks/F51A26C5-readme/1/s/cv7tj6qnwq915/000011.snapshot[m
	[31m.Rproj.user/shared/notebooks/F51A26C5-readme/1/s/cvvg9usivxrpx/[m
	[31m.Rproj.user/shared/notebooks/F51A26C5-readme/1/s/czhljt3qotuag/000008.csv[m
	[31m.Rproj.user/shared/notebooks/F51A26C5-readme/1/s/czhljt3qotuag/000009.metadata[m
	[31m.Rproj.user/shared/notebooks/F51A26C5-readme/1/s/czhljt3qotuag/000009.png[m
	[31m.Rproj.user/shared/notebooks/F51A26C5-readme/1/s/czhljt3qotuag/000009.snapshot[m
	[31m.Rproj.user/shared/notebooks/F51A26C5-readme/1/s/czhljt3qotuag/00000a.csv[m
	[31mshinyapp/mark.rda[m
	[31mshinyapp/triangle.svg[m

no changes added to commit (use "git add" and/or "git commit -a")
]0;~/Dropbox/projects/sailing/2018_GPYCBlueNoseMacBook-Pro:2018_GPYCBlueNose adamwarmack$ git add -A
]0;~/Dropbox/projects/sailing/2018_GPYCBlueNoseMacBook-Pro:2018_GPYCBlueNose adamwarmack$ git commit -m "Updated Map [K[K[K[KMarker Icon, added Sm oothed Means"
[master c33de93] Updated Marker Icon, added Smoothed Means
 61 files changed, 613 insertions(+), 75 deletions(-)
 create mode 100644 .Rproj.user/119A20AA/sources/prop/A6A722A
 create mode 100644 .Rproj.user/119A20AA/sources/s-E7F6EEC8/FF168031
 create mode 100644 .Rproj.user/119A20AA/sources/s-E7F6EEC8/FF168031-contents
 rewrite .Rproj.user/shared/notebooks/F51A26C5-readme/1/119A20AAE7F6EEC8/chunks.json (88%)
 delete mode 100644 .Rproj.user/shared/notebooks/F51A26C5-readme/1/s/c554pyvthysbq/000003.snapshot
 rename .Rproj.user/shared/notebooks/F51A26C5-readme/1/s/c554pyvthysbq/{000002.csv => 000008.csv} (100%)
 rename .Rproj.user/shared/notebooks/F51A26C5-readme/1/s/c554pyvthysbq/{000003.metadata => 000009.metadata} (100%)
 rename .Rproj.user/shared/notebooks/F51A26C5-readme/1/s/c554pyvthysbq/{000003.png => 000009.png} (100%)
 create mode 100644 .Rproj.user/shared/notebooks/F51A26C5-readme/1/s/c554pyvthysbq/000009.snapshot
 rename .Rproj.user/shared/notebooks/F51A26C5-readme/1/s/c554pyvthysbq/{000004.csv => 00000a.csv} (100%)
 delete mode 100644 .Rproj.user/shared/notebooks/F51A26C5-readme/1/s/c7kijbt9w4h8y/000003.snapshot
 rename .Rproj.user/shared/notebooks/F51A26C5-readme/1/s/c7kijbt9w4h8y/{000002.csv => 000008.csv} (74%)
 rename .Rproj.user/shared/notebooks/F51A26C5-readme/1/s/c7kijbt9w4h8y/{000003.metadata => 000009.metadata} (100%)
 rename .Rproj.user/shared/notebooks/F51A26C5-readme/1/s/c7kijbt9w4h8y/{000003.png => 000009.png} (100%)
 create mode 100644 .Rproj.user/shared/notebooks/F51A26C5-readme/1/s/c7kijbt9w4h8y/000009.snapshot
 rename .Rproj.user/shared/notebooks/F51A26C5-readme/1/s/c7kijbt9w4h8y/{000004.csv => 00000a.csv} (100%)
 create mode 100644 .Rproj.user/shared/notebooks/F51A26C5-readme/1/s/cc986runry94z/00000a.csv
 rename .Rproj.user/shared/notebooks/F51A26C5-readme/1/s/{cv7tj6qnwq915/000003.metadata => cc986runry94z/00000b.metadata} (100%)
 create mode 100644 .Rproj.user/shared/notebooks/F51A26C5-readme/1/s/cc986runry94z/00000b.png
 create mode 100644 .Rproj.user/shared/notebooks/F51A26C5-readme/1/s/cc986runry94z/00000b.snapshot
 rewrite .Rproj.user/shared/notebooks/F51A26C5-readme/1/s/chunks.json (100%)
 delete mode 100644 .Rproj.user/shared/notebooks/F51A26C5-readme/1/s/cso3beq9eat3h/000003.snapshot
 rename .Rproj.user/shared/notebooks/F51A26C5-readme/1/s/cso3beq9eat3h/{000002.csv => 000008.csv} (100%)
 rename .Rproj.user/shared/notebooks/F51A26C5-readme/1/s/cso3beq9eat3h/{000003.metadata => 000009.metadata} (100%)
 rename .Rproj.user/shared/notebooks/F51A26C5-readme/1/s/cso3beq9eat3h/{000003.png => 000009.png} (100%)
 create mode 100644 .Rproj.user/shared/notebooks/F51A26C5-readme/1/s/cso3beq9eat3h/000009.snapshot
 delete mode 100644 .Rproj.user/shared/notebooks/F51A26C5-readme/1/s/cv7tj6qnwq915/000003.snapshot
 delete mode 100644 .Rproj.user/shared/notebooks/F51A26C5-readme/1/s/cv7tj6qnwq915/000005.snapshot
 rename .Rproj.user/shared/notebooks/F51A26C5-readme/1/s/cv7tj6qnwq915/{000002.csv => 00000e.csv} (100%)
 rename .Rproj.user/shared/notebooks/F51A26C5-readme/1/s/cv7tj6qnwq915/{000005.metadata => 00000f.metadata} (100%)
 rename .Rproj.user/shared/notebooks/F51A26C5-readme/1/s/cv7tj6qnwq915/{000003.png => 00000f.png} (100%)
 create mode 100644 .Rproj.user/shared/notebooks/F51A26C5-readme/1/s/cv7tj6qnwq915/00000f.snapshot
 rename .Rproj.user/shared/notebooks/F51A26C5-readme/1/s/cv7tj6qnwq915/{000004.csv => 000010.csv} (100%)
 create mode 100644 .Rproj.user/shared/notebooks/F51A26C5-readme/1/s/cv7tj6qnwq915/000011.metadata
 rename .Rproj.user/shared/notebooks/F51A26C5-readme/1/s/cv7tj6qnwq915/{000005.png => 000011.png} (100%)
 create mode 100644 .Rproj.user/shared/notebooks/F51A26C5-readme/1/s/cv7tj6qnwq915/000011.snapshot
 create mode 100644 .Rproj.user/shared/notebooks/F51A26C5-readme/1/s/cvvg9usivxrpx/000004.csv
 delete mode 100644 .Rproj.user/shared/notebooks/F51A26C5-readme/1/s/czhljt3qotuag/000003.snapshot
 rename .Rproj.user/shared/notebooks/F51A26C5-readme/1/s/czhljt3qotuag/{000002.csv => 000008.csv} (100%)
 rename .Rproj.user/shared/notebooks/F51A26C5-readme/1/s/czhljt3qotuag/{000003.metadata => 000009.metadata} (100%)
 rename .Rproj.user/shared/notebooks/F51A26C5-readme/1/s/czhljt3qotuag/{000003.png => 000009.png} (100%)
 create mode 100644 .Rproj.user/shared/notebooks/F51A26C5-readme/1/s/czhljt3qotuag/000009.snapshot
 rename .Rproj.user/shared/notebooks/F51A26C5-readme/1/s/czhljt3qotuag/{000004.csv => 00000a.csv} (100%)
 create mode 100644 shinyapp/mark.rda
 create mode 100644 shinyapp/triangle.svg
]0;~/Dropbox/projects/sailing/2018_GPYCBlueNoseMacBook-Pro:2018_GPYCBlueNose adamwarmack$ git push
Counting objects: 58, done.
Delta compression using up to 8 threads.
Compressing objects:   2% (1/50)   Compressing objects:   4% (2/50)   Compressing objects:   6% (3/50)   Compressing objects:   8% (4/50)   Compressing objects:  10% (5/50)   Compressing objects:  12% (6/50)   Compressing objects:  14% (7/50)   Compressing objects:  16% (8/50)   Compressing objects:  18% (9/50)   Compressing objects:  20% (10/50)   Compressing objects:  22% (11/50)   Compressing objects:  24% (12/50)   Compressing objects:  26% (13/50)   Compressing objects:  28% (14/50)   Compressing objects:  30% (15/50)   Compressing objects:  32% (16/50)   Compressing objects:  34% (17/50)   Compressing objects:  36% (18/50)   Compressing objects:  38% (19/50)   Compressing objects:  40% (20/50)   Compressing objects:  42% (21/50)   Compressing objects:  44% (22/50)   Compressing objects:  46% (23/50)   Compressing objects:  48% (24/50)   Compressing objects:  50% (25/50)   Compressing objects:  52% (26/50)   Compressing objects:  54% (27/50)   Compressing objects:  56% (28/50)   Compressing objects:  58% (29/50)   Compressing objects:  60% (30/50)   Compressing objects:  62% (31/50)   Compressing objects:  64% (32/50)   Compressing objects:  66% (33/50)   Compressing objects:  68% (34/50)   Compressing objects:  70% (35/50)   Compressing objects:  72% (36/50)   Compressing objects:  74% (37/50)   Compressing objects:  76% (38/50)   Compressing objects:  78% (39/50)   Compressing objects:  80% (40/50)   Compressing objects:  82% (41/50)   Compressing objects:  84% (42/50)   Compressing objects:  86% (43/50)   Compressing objects:  88% (44/50)   Compressing objects:  90% (45/50)   Compressing objects:  92% (46/50)   Compressing objects:  94% (47/50)   Compressing objects:  96% (48/50)   Compressing objects:  98% (49/50)   Compressing objects: 100% (50/50)   Compressing objects: 100% (50/50), done.
Writing objects:   1% (1/58)   Writing objects:   3% (2/58)   Writing objects:   5% (3/58)   Writing objects:   6% (4/58)   Writing objects:   8% (5/58)   Writing objects:  10% (6/58)   Writing objects:  12% (7/58)   Writing objects:  13% (8/58)   Writing objects:  15% (9/58)   Writing objects:  17% (10/58)   Writing objects:  18% (11/58)   Writing objects:  20% (12/58)   Writing objects:  22% (13/58)   Writing objects:  24% (14/58)   Writing objects:  25% (15/58)   Writing objects:  27% (16/58)   Writing objects:  29% (17/58)   Writing objects:  31% (18/58)   Writing objects:  32% (19/58)   Writing objects:  34% (20/58)   Writing objects:  36% (21/58)   Writing objects:  37% (22/58)   Writing objects:  39% (23/58)   Writing objects:  41% (24/58)   Writing objects:  43% (25/58)   Writing objects:  44% (26/58)   Writing objects:  46% (27/58)   Writing objects:  48% (28/58)   Writing objects:  50% (29/58)   Writing objects:  51% (30/58)   Writing objects:  53% (31/58)   Writing objects:  55% (32/58)   Writing objects:  56% (33/58)   Writing objects:  58% (34/58)   Writing objects:  60% (35/58)   Writing objects:  62% (36/58)   Writing objects:  63% (37/58)   Writing objects:  65% (38/58)   Writing objects:  67% (39/58)   Writing objects:  68% (40/58)   Writing objects:  70% (41/58)   Writing objects:  72% (42/58)   Writing objects:  74% (43/58)   Writing objects:  75% (44/58)   Writing objects:  75% (44/58), 1.07 MiB | 702.00 KiB/s   Writing objects:  77% (45/58), 1.07 MiB | 702.00 KiB/s   Writing objects:  79% (46/58), 1.07 MiB | 702.00 KiB/s   Writing objects:  81% (47/58), 1.07 MiB | 702.00 KiB/s   Writing objects:  82% (48/58), 1.07 MiB | 702.00 KiB/s   Writing objects:  84% (49/58), 1.07 MiB | 702.00 KiB/s   Writing objects:  86% (50/58), 1.07 MiB | 702.00 KiB/s   Writing objects:  87% (51/58), 1.07 MiB | 702.00 KiB/s   Writing objects:  87% (51/58), 2.02 MiB | 864.00 KiB/s   Writing objects:  89% (52/58), 2.02 MiB | 864.00 KiB/s   Writing objects:  91% (53/58), 2.02 MiB | 864.00 KiB/s   Writing objects:  93% (54/58), 2.02 MiB | 864.00 KiB/s   Writing objects:  94% (55/58), 2.02 MiB | 864.00 KiB/s   Writing objects:  96% (56/58), 2.02 MiB | 864.00 KiB/s   Writing objects:  98% (57/58), 2.02 MiB | 864.00 KiB/s   Writing objects: 100% (58/58), 2.02 MiB | 864.00 KiB/s   Writing objects: 100% (58/58), 2.09 MiB | 878.00 KiB/s, done.
Total 58 (delta 13), reused 0 (delta 0)
remote: Resolving deltas:   0% (0/13)   [Kremote: Resolving deltas:   7% (1/13)   [Kremote: Resolving deltas:  15% (2/13)   [Kremote: Resolving deltas:  23% (3/13)   [Kremote: Resolving deltas:  30% (4/13)   [Kremote: Resolving deltas:  38% (5/13)   [Kremote: Resolving deltas:  53% (7/13)   [Kremote: Resolving deltas:  61% (8/13)   [Kremote: Resolving deltas:  69% (9/13)   [Kremote: Resolving deltas:  76% (10/13)   [Kremote: Resolving deltas:  84% (11/13)   [Kremote: Resolving deltas:  92% (12/13)   [Kremote: Resolving deltas: 100% (13/13)   [Kremote: Resolving deltas: 100% (13/13), completed with 12 local objects.[K
To https://github.com/awarmack/2018_GPYCBluenose.git
   745882f..c33de93  master -> master
]0;~/Dropbox/projects/sailing/2018_GPYCBlueNoseMacBook-Pro:2018_GPYCBlueNose adamwarmack$ [KMacBook-Pro:2018_GPYCBlueNose adamwarmack$ git status
On branch master
Your branch is up to date with 'origin/master'.

Changes not staged for commit:
  (use "git add <file>..." to update what will be committed)
  (use "git checkout -- <file>..." to discard changes in working directory)

	[31mmodified:   .Rproj.user/119A20AA/console06/B14A2F50[m
	[31mmodified:   .Rproj.user/119A20AA/console06/INDEX001[m
	[31mmodified:   .Rproj.user/119A20AA/sources/prop/759E3A5F[m
	[31mmodified:   .Rproj.user/119A20AA/sources/prop/B0B98382[m
	[31mmodified:   .Rproj.user/119A20AA/sources/s-E7F6EEC8/7CFFE0D2[m
	[31mmodified:   .Rproj.user/119A20AA/sources/s-E7F6EEC8/7CFFE0D2-contents[m
	[31mmodified:   .Rproj.user/119A20AA/sources/s-E7F6EEC8/FF81B231[m
	[31mmodified:   .Rproj.user/119A20AA/sources/s-E7F6EEC8/FF81B231-contents[m
	[31mmodified:   .Rproj.user/shared/notebooks/F51A26C5-readme/1/119A20AAE7F6EEC8/chunks.json[m
	[31mmodified:   .Rproj.user/shared/notebooks/F51A26C5-readme/1/s/chunks.json[m
	[31mmodified:   .Rproj.user/shared/notebooks/F51A26C5-readme/1/s/cvvg9usivxrpx/000004.csv[m
	[31mmodified:   docs/readme.Rmd[m
	[31mmodified:   shinyapp/app.R[m

no changes added to commit (use "git add" and/or "git commit -a")
]0;~/Dropbox/projects/sailing/2018_GPYCBlueNoseMacBook-Pro:2018_GPYCBlueNose adamwarmack$ git comm[K[K[K[Kadd -A