]0;~/Dropbox/projects/sailing/2018_GPYCBlueNose[?1034hMacBook-Pro:2018_GPYCBlueNose adamwarmack$ [KMacBook-Pro:2018_GPYCBlueNose adamwarmack$ git statu
git: 'statu' is not a git command. See 'git --help'.

The most similar commands are
	status
	stage
	stash
]0;~/Dropbox/projects/sailing/2018_GPYCBlueNoseMacBook-Pro:2018_GPYCBlueNose adamwarmack$ git status
fatal: not a git repository (or any of the parent directories): .git
]0;~/Dropbox/projects/sailing/2018_GPYCBlueNoseMacBook-Pro:2018_GPYCBlueNose adamwarmack$ git remote add origin https://github.com/awa rmack/2018_GPYCBluenose.git
fatal: not a git repository (or any of the parent directories): .git
]0;~/Dropbox/projects/sailing/2018_GPYCBlueNoseMacBook-Pro:2018_GPYCBlueNose adamwarmack$ git push -u origin master[K[K
fatal: not a git repository (or any of the parent directories): .git
]0;~/Dropbox/projects/sailing/2018_GPYCBlueNoseMacBook-Pro:2018_GPYCBlueNose adamwarmack$ git remote add origin https://github.com/awa rmack/2018_GPYCBluenose.git
fatal: not a git repository (or any of the parent directories): .git
]0;~/Dropbox/projects/sailing/2018_GPYCBlueNoseMacBook-Pro:2018_GPYCBlueNose adamwarmack$ git init
Initialized empty Git repository in /Users/adamwarmack/Dropbox/projects/sailing/2018_GPYCBlueNose/.git/
]0;~/Dropbox/projects/sailing/2018_GPYCBlueNoseMacBook-Pro:2018_GPYCBlueNose adamwarmack$ git remote add origin https://github.com/awa rmack/2018_GPYCBluenose.git
]0;~/Dropbox/projects/sailing/2018_GPYCBlueNoseMacBook-Pro:2018_GPYCBlueNose adamwarmack$ git push -u origin master
error: src refspec master does not match any.
error: failed to push some refs to 'https://github.com/awarmack/2018_GPYCBluenose.git'
]0;~/Dropbox/projects/sailing/2018_GPYCBlueNoseMacBook-Pro:2018_GPYCBlueNose adamwarmack$ git push
fatal: The current branch master has no upstream branch.
To push the current branch and set the remote as upstream, use

    git push --set-upstream origin master

]0;~/Dropbox/projects/sailing/2018_GPYCBlueNoseMacBook-Pro:2018_GPYCBlueNose adamwarmack$ git push --set-upstream origin master
error: src refspec master does not match any.
error: failed to push some refs to 'https://github.com/awarmack/2018_GPYCBluenose.git'
]0;~/Dropbox/projects/sailing/2018_GPYCBlueNoseMacBook-Pro:2018_GPYCBlueNose adamwarmack$ sg[K[Kgit status
On branch master

No commits yet

Untracked files:
  (use "git add <file>..." to include in what will be committed)

	[31m.DS_Store[m
	[31m.Rproj.user/[m
	[31m2018_GPYCBlueNose.Rproj[m
	[31mdocs/[m
	[31mraw_data/[m
	[31mshinyapp/[m
	[31msrc/[m

nothing added to commit but untracked files present (use "git add" to track)
]0;~/Dropbox/projects/sailing/2018_GPYCBlueNoseMacBook-Pro:2018_GPYCBlueNose adamwarmack$ git -[KAdd -A
fatal: cannot handle Add as a builtin
]0;~/Dropbox/projects/sailing/2018_GPYCBlueNoseMacBook-Pro:2018_GPYCBlueNose adamwarmack$ git status
On branch master

No commits yet

Untracked files:
  (use "git add <file>..." to include in what will be committed)

	[31m.DS_Store[m
	[31m.Rproj.user/[m
	[31m2018_GPYCBlueNose.Rproj[m
	[31mdocs/[m
	[31mraw_data/[m
	[31mshinyapp/[m
	[31msrc/[m

nothing added to commit but untracked files present (use "git add" to track)
]0;~/Dropbox/projects/sailing/2018_GPYCBlueNoseMacBook-Pro:2018_GPYCBlueNose adamwarmack$ git add -A